I'm sorry, but errors were detected in your script. Please correct the
errors listed below, and try again.


File "game/script.rpy", line 161: expected 'image_name_component' not found.
    show 
         ^

Ren'Py Version: Ren'Py 8.3.3.24111502
Sat Mar  8 12:09:49 2025
